
[2m━━━━━━━━━━━━━━━━━━━━━━━━━━━━━━━━━━━━━━━━━━━━━━━━━━━━━━━━━━━━━━━━━━━━━━━━━━━━━━━━━━━━━━━━━━━━━━━━━━━━[0m
[33massert_greater_than![0m([31m1[0m, [32m2[0m, [2m"Expected left to be greater than right"[0m);

Expected left to be greater than right


Expected `[31mLeft[0m` to be greater than `[32mRight[0m` but it wasn't:

Expected: [32m>[0m [32m2[0m
Received:   [31m1[0m

[2m━━━━━━━━━━━━━━━━━━━━━━━━━━━━━━━━━━━━━━━━━━━━━━━━━━━━━━━━━━━━━━━━━━━━━━━━━━━━━━━━━━━━━━━━━━━━━━━━━━━━[0m