
[2m━━━━━━━━━━━━━━━━━━━━━━━━━━━━━━━━━━━━━━━━━━━━━━━━━━━━━━━━━━━━━━━━━━━━━━━━━━━━━━━━━━━━━━━━━━━━━━━━━━━━[0m
[33massert_ok![0m([31mErr("Version Mismatch!")[0m, [2m"Expected Value to be Ok(T)"[0m);

Expected Value to be Ok(T)

Expected [31mValue[0m to be [32mOk(T)[0m

Got: [31mErr("Version Mismatch!")[0m
        
[2m━━━━━━━━━━━━━━━━━━━━━━━━━━━━━━━━━━━━━━━━━━━━━━━━━━━━━━━━━━━━━━━━━━━━━━━━━━━━━━━━━━━━━━━━━━━━━━━━━━━━[0m
